[splendid-successes-043935.framer.app/index.html]
[backblue.gif]
[fade.gif]
[index.html]
[splendid-successes-043935.framer.app/visa.html]
[splendid-successes-043935.framer.app/cost.html]
[splendid-successes-043935.framer.app/contact.html]
[splendid-successes-043935.framer.app/[object Object].3.delayed]
[splendid-successes-043935.framer.app/page/secondment-worker.html]
[splendid-successes-043935.framer.app/page/senior-or-specialist-worker.html]
[splendid-successes-043935.framer.app/page/service-supplier-visa.html]
[splendid-successes-043935.framer.app/page/youth-mobility-scheme.html]
[splendid-successes-043935.framer.app/page/health-care-worker-visa.html]
[splendid-successes-043935.framer.app/page/health-and-care-worker-dependant-visa.html]
[splendid-successes-043935.framer.app/page/international-sportsperson-visa.html]
[splendid-successes-043935.framer.app/page/international-sportsperson-dependant-visa.html]
[splendid-successes-043935.framer.app/page/sponsor-licence.html]
[splendid-successes-043935.framer.app/index.html]
[splendid-successes-043935.framer.app/page/skilled-worker-visa.html]
[splendid-successes-043935.framer.app/page/skilled-worker-dependant-visa.html]
[splendid-successes-043935.framer.app/page/expansion-worker.html]
[splendid-successes-043935.framer.app/page/global-mobility-business-visas.html]
[splendid-successes-043935.framer.app/page/high-potential-individual-visa.html]
[splendid-successes-043935.framer.app/page/high-potential-individual-dependent-visa.html]
[splendid-successes-043935.framer.app/visa.html]
[splendid-successes-043935.framer.app/cost.html]
[splendid-successes-043935.framer.app/contact.html]
[splendid-successes-043935.framer.app/[object Object].html]
[splendid-successes-043935.framer.app/page/secondment-worker.html]
[splendid-successes-043935.framer.app/page/senior-or-specialist-worker.html]
[splendid-successes-043935.framer.app/page/service-supplier-visa.html]
[splendid-successes-043935.framer.app/page/youth-mobility-scheme.html]
[splendid-successes-043935.framer.app/page/health-care-worker-visa.html]
[splendid-successes-043935.framer.app/page/health-and-care-worker-dependant-visa.html]
[splendid-successes-043935.framer.app/page/international-sportsperson-visa.html]
[splendid-successes-043935.framer.app/page/international-sportsperson-dependant-visa.html]
[splendid-successes-043935.framer.app/page/sponsor-licence.html]
[splendid-successes-043935.framer.app/page/skilled-worker-visa.html]
[splendid-successes-043935.framer.app/page/skilled-worker-dependant-visa.html]
[splendid-successes-043935.framer.app/page/expansion-worker.html]
[splendid-successes-043935.framer.app/page/global-mobility-business-visas.html]
[splendid-successes-043935.framer.app/page/high-potential-individual-visa.html]
[splendid-successes-043935.framer.app/page/high-potential-individual-dependent-visa.html]
[splendid-successes-043935.framer.app/page/spouse-visa-extension.html]
[splendid-successes-043935.framer.app/page/parent-of-a-child-visa.html]
[splendid-successes-043935.framer.app/page/spouse-visa-extension.html]
[splendid-successes-043935.framer.app/page/spouse-visa.html]
[splendid-successes-043935.framer.app/page/parent-of-a-child-visa.html]
[splendid-successes-043935.framer.app/page/civil-partnership-visa.html]
[splendid-successes-043935.framer.app/page/spouse-visa.html]
[splendid-successes-043935.framer.app/page/proposed-civil-partner-visa.html]
[splendid-successes-043935.framer.app/page/civil-partnership-visa.html]
[splendid-successes-043935.framer.app/page/fiance-visa.html]
[splendid-successes-043935.framer.app/page/proposed-civil-partner-visa.html]
[splendid-successes-043935.framer.app/page/partner-visas.html]
[splendid-successes-043935.framer.app/page/fiance-visa.html]
[splendid-successes-043935.framer.app/page/unmarried-partner-visa.html]
[splendid-successes-043935.framer.app/page/partner-visas.html]
[splendid-successes-043935.framer.app/page/pbs-dependent-visa.html]
[splendid-successes-043935.framer.app/page/unmarried-partner-visa.html]
[splendid-successes-043935.framer.app/page/ancestry-visa.html]
[splendid-successes-043935.framer.app/page/pbs-dependent-visa.html]
[splendid-successes-043935.framer.app/page/ancestry-dependent-visa.html]
[splendid-successes-043935.framer.app/page/ancestry-visa.html]
[splendid-successes-043935.framer.app/page/mn1-from-registering-a-child-as-british.html]
[splendid-successes-043935.framer.app/page/ancestry-dependent-visa.html]
[splendid-successes-043935.framer.app/page/student-visa.html]
[splendid-successes-043935.framer.app/page/mn1-from-registering-a-child-as-british.html]
[splendid-successes-043935.framer.app/page/parent-of-a-child-student-visa.html]
[splendid-successes-043935.framer.app/page/student-visa.html]
[splendid-successes-043935.framer.app/page/graduate-visa.html]
[splendid-successes-043935.framer.app/page/parent-of-a-child-student-visa.html]
[splendid-successes-043935.framer.app/page/graduate-dependent-visa.html]
[splendid-successes-043935.framer.app/page/graduate-visa.html]
[splendid-successes-043935.framer.app/page/uk-student-dependent-visa.html]
[splendid-successes-043935.framer.app/page/graduate-dependent-visa.html]
[splendid-successes-043935.framer.app/page/graduate-trainee-visa.html]
[splendid-successes-043935.framer.app/page/uk-student-dependent-visa.html]
[splendid-successes-043935.framer.app/page/indefinte-leave-to-remain-for-spouse-visas.html]
[splendid-successes-043935.framer.app/page/graduate-trainee-visa.html]
[splendid-successes-043935.framer.app/page/eea-settled-pre-settled-status.html]
[splendid-successes-043935.framer.app/page/indefinte-leave-to-remain-for-spouse-visas.html]
[splendid-successes-043935.framer.app/page/british-citizenship.html]
[splendid-successes-043935.framer.app/page/eea-settled-pre-settled-status.html]
[splendid-successes-043935.framer.app/page/indefinite-leave-to-remain-(ilr)-visa.html]
[splendid-successes-043935.framer.app/page/british-citizenship.html]
[splendid-successes-043935.framer.app/page/indefinite-leave-to-remain-(ilr)-visa.html]
